main.c:99:6:HAL_TIM_PWM_PulseFinishedCallback	16	static
main.c:105:6:Set_LED	24	static
main.c:113:13:Set_Brightness	40	static
main.c:133:13:WS2812_Send	32	static
main.c:166:6:Reset_LED	16	static
main.c:177:16:rainbow_effect_left	40	static
main.c:207:16:rainbow_effect_right	40	static
main.c:246:13:white_effect	16	static
main.c:255:6:HAL_UARTEx_RxEventCallback	24	static
main.c:281:5:main	8	static
main.c:350:6:SystemClock_Config	72	static
main.c:388:13:MX_TIM3_Init	48	static
main.c:437:13:MX_USART1_UART_Init	8	static
main.c:468:13:MX_DMA_Init	16	static
main.c:489:13:MX_GPIO_Init	24	static
main.c:508:6:Error_Handler	4	static
